EN bit_3_counter NULL C:/Users/160400H/Documents/WorkSpace/Lab_5/bit_3_counter.vhf sub00/vhpl00 1505987266
EN bit_3_counter_bit_3_counter_sch_tb NULL C:/Users/160400H/Documents/WorkSpace/Lab_5/TB_bit_3_counter.vhd sub00/vhpl02 1505987268
AR bit_3_counter behavioral C:/Users/160400H/Documents/WorkSpace/Lab_5/bit_3_counter.vhf sub00/vhpl01 1505987267
