V3 7
FL C:/Users/160544C/Documents/WorkSpace/Lab2/Circuit2.vhf 2017/08/31.14:11:23 P.20131013
EN work/Circuit2 1504174012 \
      FL C:/Users/160544C/Documents/WorkSpace/Lab2/Circuit2.vhf \
      PB ieee/std_logic_1164 1381692176 PB ieee/NUMERIC_STD 1381692181 LB UNISIM \
      PH unisim/VCOMPONENTS 1381692182
AR work/Circuit2/BEHAVIORAL 1504174013 \
      FL C:/Users/160544C/Documents/WorkSpace/Lab2/Circuit2.vhf EN work/Circuit2 1504174012 \
      CP INV CP AND3 CP OR4
