V3 6
FL C:/Users/160544C/Documents/WorkSpace/Lab_1/Circuit1.vhf 2017/08/24.14:02:48 P.20131013
EN work/Circuit1 1503563575 \
      FL C:/Users/160544C/Documents/WorkSpace/Lab_1/Circuit1.vhf \
      PB ieee/std_logic_1164 1381692176 PB ieee/NUMERIC_STD 1381692181 LB UNISIM \
      PH unisim/VCOMPONENTS 1381692182
AR work/Circuit1/BEHAVIORAL 1503563576 \
      FL C:/Users/160544C/Documents/WorkSpace/Lab_1/Circuit1.vhf EN work/Circuit1 1503563575 \
      CP AND2 CP OR2
