AR mux_2to1_muser_processor behavioral "C:/Users/Jeevan/Downloads/NanoProcessor - 15.12.16 15.23 (With Slow Clock)-20171120T063116Z-001/NanoProcessor - 15.12.16 15.23 (With Slow Clock)/Processor.vhf" sub00/vhpl01 1511210985
AR ha_muser_fa behavioral "C:/Users/Jeevan/Downloads/NanoProcessor - 15.12.16 15.23 (With Slow Clock)-20171120T063116Z-001/NanoProcessor - 15.12.16 15.23 (With Slow Clock)/FA.vhf" sub00/vhpl99 1511211083
AR inv4_mxilinx_ins_decoder behavioral "C:/Users/Jeevan/Downloads/NanoProcessor - 15.12.16 15.23 (With Slow Clock)-20171120T063116Z-001/NanoProcessor - 15.12.16 15.23 (With Slow Clock)/Ins_Decoder.vhf" sub00/vhpl57 1511211043
AR mux_2to1_muser_mux_2way_3bit behavioral "C:/Users/Jeevan/Downloads/NanoProcessor - 15.12.16 15.23 (With Slow Clock)-20171120T063116Z-001/NanoProcessor - 15.12.16 15.23 (With Slow Clock)/MUX_2Way_3Bit.vhf" sub00/vhpl65 1511211049
EN mux_8_1 NULL "C:/Users/Jeevan/Downloads/NanoProcessor - 15.12.16 15.23 (With Slow Clock)-20171120T063116Z-001/NanoProcessor - 15.12.16 15.23 (With Slow Clock)/Mux_8_1.vhf" sub01/vhpl106 1511211090
EN mux_8_4 NULL "C:/Users/Jeevan/Downloads/NanoProcessor - 15.12.16 15.23 (With Slow Clock)-20171120T063116Z-001/NanoProcessor - 15.12.16 15.23 (With Slow Clock)/Mux_8_4.vhf" sub00/vhpl78 1511211062
EN ha_muser_adder_3bit NULL "C:/Users/Jeevan/Downloads/NanoProcessor - 15.12.16 15.23 (With Slow Clock)-20171120T063116Z-001/NanoProcessor - 15.12.16 15.23 (With Slow Clock)/Adder_3bit.vhf" sub00/vhpl42 1511211026
AR ins_decoder behavioral "C:/Users/Jeevan/Downloads/NanoProcessor - 15.12.16 15.23 (With Slow Clock)-20171120T063116Z-001/NanoProcessor - 15.12.16 15.23 (With Slow Clock)/Ins_Decoder.vhf" sub00/vhpl61 1511211045
EN mux_2way_3bit NULL "C:/Users/Jeevan/Downloads/NanoProcessor - 15.12.16 15.23 (With Slow Clock)-20171120T063116Z-001/NanoProcessor - 15.12.16 15.23 (With Slow Clock)/MUX_2Way_3Bit.vhf" sub00/vhpl66 1511211050
EN fa_muser_clock_slow NULL "C:/Users/Jeevan/Downloads/NanoProcessor - 15.12.16 15.23 (With Slow Clock)-20171120T063116Z-001/NanoProcessor - 15.12.16 15.23 (With Slow Clock)/Clock_Slow.vhf" sub00/vhpl52 1511211036
EN register_4bit_muser_processor NULL "C:/Users/Jeevan/Downloads/NanoProcessor - 15.12.16 15.23 (With Slow Clock)-20171120T063116Z-001/NanoProcessor - 15.12.16 15.23 (With Slow Clock)/Processor.vhf" sub00/vhpl36 1511211020
EN mux_2to1_muser_mux_2way_4bit NULL "C:/Users/Jeevan/Downloads/NanoProcessor - 15.12.16 15.23 (With Slow Clock)-20171120T063116Z-001/NanoProcessor - 15.12.16 15.23 (With Slow Clock)/MUX_2Way_4Bit.vhf" sub00/vhpl68 1511211052
AR decorder_3_8_muser_reg_8_4bit behavioral "C:/Users/Jeevan/Downloads/NanoProcessor - 15.12.16 15.23 (With Slow Clock)-20171120T063116Z-001/NanoProcessor - 15.12.16 15.23 (With Slow Clock)/Reg_8_4bit.vhf" sub00/vhpl89 1511211073
AR processor behavioral "C:/Users/Jeevan/Downloads/NanoProcessor - 15.12.16 15.23 (With Slow Clock)-20171120T063116Z-001/NanoProcessor - 15.12.16 15.23 (With Slow Clock)/Processor.vhf" sub00/vhpl41 1511211025
EN clock_slow NULL "C:/Users/Jeevan/Downloads/NanoProcessor - 15.12.16 15.23 (With Slow Clock)-20171120T063116Z-001/NanoProcessor - 15.12.16 15.23 (With Slow Clock)/Clock_Slow.vhf" sub00/vhpl54 1511211038
AR clock_slow_muser_processor behavioral "C:/Users/Jeevan/Downloads/NanoProcessor - 15.12.16 15.23 (With Slow Clock)-20171120T063116Z-001/NanoProcessor - 15.12.16 15.23 (With Slow Clock)/Processor.vhf" sub00/vhpl07 1511210991
AR reg_8_4bit behavioral "C:/Users/Jeevan/Downloads/NanoProcessor - 15.12.16 15.23 (With Slow Clock)-20171120T063116Z-001/NanoProcessor - 15.12.16 15.23 (With Slow Clock)/Reg_8_4bit.vhf" sub00/vhpl95 1511211079
EN fa NULL "C:/Users/Jeevan/Downloads/NanoProcessor - 15.12.16 15.23 (With Slow Clock)-20171120T063116Z-001/NanoProcessor - 15.12.16 15.23 (With Slow Clock)/FA.vhf" sub01/vhpl100 1511211084
EN lut_muser_processor NULL "C:/Users/Jeevan/Downloads/NanoProcessor - 15.12.16 15.23 (With Slow Clock)-20171120T063116Z-001/NanoProcessor - 15.12.16 15.23 (With Slow Clock)/Processor.vhf" sub00/vhpl08 1511210992
AR ins_decoder_muser_processor behavioral "C:/Users/Jeevan/Downloads/NanoProcessor - 15.12.16 15.23 (With Slow Clock)-20171120T063116Z-001/NanoProcessor - 15.12.16 15.23 (With Slow Clock)/Processor.vhf" sub00/vhpl35 1511211019
AR clock_slow behavioral "C:/Users/Jeevan/Downloads/NanoProcessor - 15.12.16 15.23 (With Slow Clock)-20171120T063116Z-001/NanoProcessor - 15.12.16 15.23 (With Slow Clock)/Clock_Slow.vhf" sub00/vhpl55 1511211039
AR lut_muser_processor behavioral "C:/Users/Jeevan/Downloads/NanoProcessor - 15.12.16 15.23 (With Slow Clock)-20171120T063116Z-001/NanoProcessor - 15.12.16 15.23 (With Slow Clock)/Processor.vhf" sub00/vhpl09 1511210993
AR rom_muser_processor behavioral "C:/Users/Jeevan/Downloads/NanoProcessor - 15.12.16 15.23 (With Slow Clock)-20171120T063116Z-001/NanoProcessor - 15.12.16 15.23 (With Slow Clock)/Processor.vhf" sub00/vhpl25 1511211009
AR fa_muser_clock_slow behavioral "C:/Users/Jeevan/Downloads/NanoProcessor - 15.12.16 15.23 (With Slow Clock)-20171120T063116Z-001/NanoProcessor - 15.12.16 15.23 (With Slow Clock)/Clock_Slow.vhf" sub00/vhpl53 1511211037
EN mux_8_1_muser_processor NULL "C:/Users/Jeevan/Downloads/NanoProcessor - 15.12.16 15.23 (With Slow Clock)-20171120T063116Z-001/NanoProcessor - 15.12.16 15.23 (With Slow Clock)/Processor.vhf" sub00/vhpl14 1511210998
AR mux_2to1_muser_register_4bit behavioral "C:/Users/Jeevan/Downloads/NanoProcessor - 15.12.16 15.23 (With Slow Clock)-20171120T063116Z-001/NanoProcessor - 15.12.16 15.23 (With Slow Clock)/Register_4Bit.vhf" sub01/vhpl109 1511211093
EN ha NULL "C:/Users/Jeevan/Downloads/NanoProcessor - 15.12.16 15.23 (With Slow Clock)-20171120T063116Z-001/NanoProcessor - 15.12.16 15.23 (With Slow Clock)/HA.vhf" sub01/vhpl114 1511211098
EN rom NULL "C:/Users/Jeevan/Downloads/NanoProcessor - 15.12.16 15.23 (With Slow Clock)-20171120T063116Z-001/NanoProcessor - 15.12.16 15.23 (With Slow Clock)/ROM.vhf" sub00/vhpl96 1511211080
EN decorder_3_8_muser_processor NULL "C:/Users/Jeevan/Downloads/NanoProcessor - 15.12.16 15.23 (With Slow Clock)-20171120T063116Z-001/NanoProcessor - 15.12.16 15.23 (With Slow Clock)/Processor.vhf" sub00/vhpl10 1511210994
AR decorder_3_8_muser_mux_8_1 behavioral "C:/Users/Jeevan/Downloads/NanoProcessor - 15.12.16 15.23 (With Slow Clock)-20171120T063116Z-001/NanoProcessor - 15.12.16 15.23 (With Slow Clock)/Mux_8_1.vhf" sub01/vhpl103 1511211087
EN mux_2way_4bit_muser_processor NULL "C:/Users/Jeevan/Downloads/NanoProcessor - 15.12.16 15.23 (With Slow Clock)-20171120T063116Z-001/NanoProcessor - 15.12.16 15.23 (With Slow Clock)/Processor.vhf" sub00/vhpl22 1511211006
EN inv4_mxilinx_ins_decoder NULL "C:/Users/Jeevan/Downloads/NanoProcessor - 15.12.16 15.23 (With Slow Clock)-20171120T063116Z-001/NanoProcessor - 15.12.16 15.23 (With Slow Clock)/Ins_Decoder.vhf" sub00/vhpl56 1511211042
AR rom behavioral "C:/Users/Jeevan/Downloads/NanoProcessor - 15.12.16 15.23 (With Slow Clock)-20171120T063116Z-001/NanoProcessor - 15.12.16 15.23 (With Slow Clock)/ROM.vhf" sub00/vhpl97 1511211081
EN or8_mxilinx_processor NULL "C:/Users/Jeevan/Downloads/NanoProcessor - 15.12.16 15.23 (With Slow Clock)-20171120T063116Z-001/NanoProcessor - 15.12.16 15.23 (With Slow Clock)/Processor.vhf" sub00/vhpl12 1511210996
EN mux_2to1_muser_processor NULL "C:/Users/Jeevan/Downloads/NanoProcessor - 15.12.16 15.23 (With Slow Clock)-20171120T063116Z-001/NanoProcessor - 15.12.16 15.23 (With Slow Clock)/Processor.vhf" sub00/vhpl00 1511210984
AR ha_muser_rca_4 behavioral "C:/Users/Jeevan/Downloads/NanoProcessor - 15.12.16 15.23 (With Slow Clock)-20171120T063116Z-001/NanoProcessor - 15.12.16 15.23 (With Slow Clock)/RCA_4.vhf" sub00/vhpl83 1511211067
EN register_4bit NULL "C:/Users/Jeevan/Downloads/NanoProcessor - 15.12.16 15.23 (With Slow Clock)-20171120T063116Z-001/NanoProcessor - 15.12.16 15.23 (With Slow Clock)/Register_4Bit.vhf" sub01/vhpl110 1511211094
AR rca_4 behavioral "C:/Users/Jeevan/Downloads/NanoProcessor - 15.12.16 15.23 (With Slow Clock)-20171120T063116Z-001/NanoProcessor - 15.12.16 15.23 (With Slow Clock)/RCA_4.vhf" sub00/vhpl87 1511211071
EN decorder_3_8_muser_mux_8_1 NULL "C:/Users/Jeevan/Downloads/NanoProcessor - 15.12.16 15.23 (With Slow Clock)-20171120T063116Z-001/NanoProcessor - 15.12.16 15.23 (With Slow Clock)/Mux_8_1.vhf" sub01/vhpl102 1511211086
AR reg_8_4bit_muser_processor behavioral "C:/Users/Jeevan/Downloads/NanoProcessor - 15.12.16 15.23 (With Slow Clock)-20171120T063116Z-001/NanoProcessor - 15.12.16 15.23 (With Slow Clock)/Processor.vhf" sub00/vhpl39 1511211023
EN decorder_3_8_muser_mux_8_4 NULL "C:/Users/Jeevan/Downloads/NanoProcessor - 15.12.16 15.23 (With Slow Clock)-20171120T063116Z-001/NanoProcessor - 15.12.16 15.23 (With Slow Clock)/Mux_8_4.vhf" sub00/vhpl72 1511211056
AR ha behavioral "C:/Users/Jeevan/Downloads/NanoProcessor - 15.12.16 15.23 (With Slow Clock)-20171120T063116Z-001/NanoProcessor - 15.12.16 15.23 (With Slow Clock)/HA.vhf" sub01/vhpl115 1511211099
AR mux_2to1_muser_mux_2way_4bit behavioral "C:/Users/Jeevan/Downloads/NanoProcessor - 15.12.16 15.23 (With Slow Clock)-20171120T063116Z-001/NanoProcessor - 15.12.16 15.23 (With Slow Clock)/MUX_2Way_4Bit.vhf" sub00/vhpl69 1511211053
AR decorder_3_8_muser_processor behavioral "C:/Users/Jeevan/Downloads/NanoProcessor - 15.12.16 15.23 (With Slow Clock)-20171120T063116Z-001/NanoProcessor - 15.12.16 15.23 (With Slow Clock)/Processor.vhf" sub00/vhpl11 1511210995
EN mux_2to1_muser_clock_slow NULL "C:/Users/Jeevan/Downloads/NanoProcessor - 15.12.16 15.23 (With Slow Clock)-20171120T063116Z-001/NanoProcessor - 15.12.16 15.23 (With Slow Clock)/Clock_Slow.vhf" sub00/vhpl48 1511211032
EN ha_muser_processor NULL "C:/Users/Jeevan/Downloads/NanoProcessor - 15.12.16 15.23 (With Slow Clock)-20171120T063116Z-001/NanoProcessor - 15.12.16 15.23 (With Slow Clock)/Processor.vhf" sub00/vhpl02 1511210986
AR and6_mxilinx_processor behavioral "C:/Users/Jeevan/Downloads/NanoProcessor - 15.12.16 15.23 (With Slow Clock)-20171120T063116Z-001/NanoProcessor - 15.12.16 15.23 (With Slow Clock)/Processor.vhf" sub00/vhpl33 1511211015
EN fa_muser_adder_3bit NULL "C:/Users/Jeevan/Downloads/NanoProcessor - 15.12.16 15.23 (With Slow Clock)-20171120T063116Z-001/NanoProcessor - 15.12.16 15.23 (With Slow Clock)/Adder_3bit.vhf" sub00/vhpl44 1511211028
EN rca_4_muser_processor NULL "C:/Users/Jeevan/Downloads/NanoProcessor - 15.12.16 15.23 (With Slow Clock)-20171120T063116Z-001/NanoProcessor - 15.12.16 15.23 (With Slow Clock)/Processor.vhf" sub00/vhpl28 1511211012
AR decorder_3_8 behavioral "C:/Users/Jeevan/Downloads/NanoProcessor - 15.12.16 15.23 (With Slow Clock)-20171120T063116Z-001/NanoProcessor - 15.12.16 15.23 (With Slow Clock)/Decorder_3_8.vhf" sub01/vhpl113 1511211097
EN mux_8_1_muser_mux_8_4 NULL "C:/Users/Jeevan/Downloads/NanoProcessor - 15.12.16 15.23 (With Slow Clock)-20171120T063116Z-001/NanoProcessor - 15.12.16 15.23 (With Slow Clock)/Mux_8_4.vhf" sub00/vhpl76 1511211060
EN adder_3bit NULL "C:/Users/Jeevan/Downloads/NanoProcessor - 15.12.16 15.23 (With Slow Clock)-20171120T063116Z-001/NanoProcessor - 15.12.16 15.23 (With Slow Clock)/Adder_3bit.vhf" sub00/vhpl46 1511211030
EN pc NULL "C:/Users/Jeevan/Downloads/NanoProcessor - 15.12.16 15.23 (With Slow Clock)-20171120T063116Z-001/NanoProcessor - 15.12.16 15.23 (With Slow Clock)/PC.vhf" sub00/vhpl80 1511211064
EN mux_2to1_muser_mux_2way_3bit NULL "C:/Users/Jeevan/Downloads/NanoProcessor - 15.12.16 15.23 (With Slow Clock)-20171120T063116Z-001/NanoProcessor - 15.12.16 15.23 (With Slow Clock)/MUX_2Way_3Bit.vhf" sub00/vhpl64 1511211048
EN reg_8_4bit NULL "C:/Users/Jeevan/Downloads/NanoProcessor - 15.12.16 15.23 (With Slow Clock)-20171120T063116Z-001/NanoProcessor - 15.12.16 15.23 (With Slow Clock)/Reg_8_4bit.vhf" sub00/vhpl94 1511211078
AR or8_mxilinx_mux_8_1 behavioral "C:/Users/Jeevan/Downloads/NanoProcessor - 15.12.16 15.23 (With Slow Clock)-20171120T063116Z-001/NanoProcessor - 15.12.16 15.23 (With Slow Clock)/Mux_8_1.vhf" sub01/vhpl105 1511211089
EN inv4_mxilinx_processor NULL "C:/Users/Jeevan/Downloads/NanoProcessor - 15.12.16 15.23 (With Slow Clock)-20171120T063116Z-001/NanoProcessor - 15.12.16 15.23 (With Slow Clock)/Processor.vhf" sub00/vhpl30 1511211016
EN mux_2way_3bit_muser_processor NULL "C:/Users/Jeevan/Downloads/NanoProcessor - 15.12.16 15.23 (With Slow Clock)-20171120T063116Z-001/NanoProcessor - 15.12.16 15.23 (With Slow Clock)/Processor.vhf" sub00/vhpl20 1511211004
AR mux_2way_3bit_muser_processor behavioral "C:/Users/Jeevan/Downloads/NanoProcessor - 15.12.16 15.23 (With Slow Clock)-20171120T063116Z-001/NanoProcessor - 15.12.16 15.23 (With Slow Clock)/Processor.vhf" sub00/vhpl21 1511211005
AR mux_8_1_muser_mux_8_4 behavioral "C:/Users/Jeevan/Downloads/NanoProcessor - 15.12.16 15.23 (With Slow Clock)-20171120T063116Z-001/NanoProcessor - 15.12.16 15.23 (With Slow Clock)/Mux_8_4.vhf" sub00/vhpl77 1511211061
EN fa_muser_rca_4 NULL "C:/Users/Jeevan/Downloads/NanoProcessor - 15.12.16 15.23 (With Slow Clock)-20171120T063116Z-001/NanoProcessor - 15.12.16 15.23 (With Slow Clock)/RCA_4.vhf" sub00/vhpl84 1511211068
AR mux_2way_4bit_muser_processor behavioral "C:/Users/Jeevan/Downloads/NanoProcessor - 15.12.16 15.23 (With Slow Clock)-20171120T063116Z-001/NanoProcessor - 15.12.16 15.23 (With Slow Clock)/Processor.vhf" sub00/vhpl23 1511211007
AR mux_8_1 behavioral "C:/Users/Jeevan/Downloads/NanoProcessor - 15.12.16 15.23 (With Slow Clock)-20171120T063116Z-001/NanoProcessor - 15.12.16 15.23 (With Slow Clock)/Mux_8_1.vhf" sub01/vhpl107 1511211091
AR lut behavioral "C:/Users/Jeevan/Downloads/NanoProcessor - 15.12.16 15.23 (With Slow Clock)-20171120T063116Z-001/NanoProcessor - 15.12.16 15.23 (With Slow Clock)/LUT.vhf" sub00/vhpl63 1511211047
AR mux_8_1_muser_processor behavioral "C:/Users/Jeevan/Downloads/NanoProcessor - 15.12.16 15.23 (With Slow Clock)-20171120T063116Z-001/NanoProcessor - 15.12.16 15.23 (With Slow Clock)/Processor.vhf" sub00/vhpl15 1511210999
AR register_4bit_muser_processor behavioral "C:/Users/Jeevan/Downloads/NanoProcessor - 15.12.16 15.23 (With Slow Clock)-20171120T063116Z-001/NanoProcessor - 15.12.16 15.23 (With Slow Clock)/Processor.vhf" sub00/vhpl37 1511211021
EN adder_3bit_muser_processor NULL "C:/Users/Jeevan/Downloads/NanoProcessor - 15.12.16 15.23 (With Slow Clock)-20171120T063116Z-001/NanoProcessor - 15.12.16 15.23 (With Slow Clock)/Processor.vhf" sub00/vhpl18 1511211002
AR rca_4_muser_processor behavioral "C:/Users/Jeevan/Downloads/NanoProcessor - 15.12.16 15.23 (With Slow Clock)-20171120T063116Z-001/NanoProcessor - 15.12.16 15.23 (With Slow Clock)/Processor.vhf" sub00/vhpl29 1511211013
EN rca_4 NULL "C:/Users/Jeevan/Downloads/NanoProcessor - 15.12.16 15.23 (With Slow Clock)-20171120T063116Z-001/NanoProcessor - 15.12.16 15.23 (With Slow Clock)/RCA_4.vhf" sub00/vhpl86 1511211070
AR mux_2to1_muser_reg_8_4bit behavioral "C:/Users/Jeevan/Downloads/NanoProcessor - 15.12.16 15.23 (With Slow Clock)-20171120T063116Z-001/NanoProcessor - 15.12.16 15.23 (With Slow Clock)/Reg_8_4bit.vhf" sub00/vhpl91 1511211075
EN processor NULL "C:/Users/Jeevan/Downloads/NanoProcessor - 15.12.16 15.23 (With Slow Clock)-20171120T063116Z-001/NanoProcessor - 15.12.16 15.23 (With Slow Clock)/Processor.vhf" sub00/vhpl40 1511211024
AR decorder_3_8_muser_mux_8_4 behavioral "C:/Users/Jeevan/Downloads/NanoProcessor - 15.12.16 15.23 (With Slow Clock)-20171120T063116Z-001/NanoProcessor - 15.12.16 15.23 (With Slow Clock)/Mux_8_4.vhf" sub00/vhpl73 1511211057
EN decorder_3_8_muser_reg_8_4bit NULL "C:/Users/Jeevan/Downloads/NanoProcessor - 15.12.16 15.23 (With Slow Clock)-20171120T063116Z-001/NanoProcessor - 15.12.16 15.23 (With Slow Clock)/Reg_8_4bit.vhf" sub00/vhpl88 1511211072
AR mux_2to1_muser_clock_slow behavioral "C:/Users/Jeevan/Downloads/NanoProcessor - 15.12.16 15.23 (With Slow Clock)-20171120T063116Z-001/NanoProcessor - 15.12.16 15.23 (With Slow Clock)/Clock_Slow.vhf" sub00/vhpl49 1511211033
EN lut NULL "C:/Users/Jeevan/Downloads/NanoProcessor - 15.12.16 15.23 (With Slow Clock)-20171120T063116Z-001/NanoProcessor - 15.12.16 15.23 (With Slow Clock)/LUT.vhf" sub00/vhpl62 1511211046
EN ha_muser_fa NULL "C:/Users/Jeevan/Downloads/NanoProcessor - 15.12.16 15.23 (With Slow Clock)-20171120T063116Z-001/NanoProcessor - 15.12.16 15.23 (With Slow Clock)/FA.vhf" sub00/vhpl98 1511211082
AR fa behavioral "C:/Users/Jeevan/Downloads/NanoProcessor - 15.12.16 15.23 (With Slow Clock)-20171120T063116Z-001/NanoProcessor - 15.12.16 15.23 (With Slow Clock)/FA.vhf" sub01/vhpl101 1511211085
EN mux_2to1_muser_reg_8_4bit NULL "C:/Users/Jeevan/Downloads/NanoProcessor - 15.12.16 15.23 (With Slow Clock)-20171120T063116Z-001/NanoProcessor - 15.12.16 15.23 (With Slow Clock)/Reg_8_4bit.vhf" sub00/vhpl90 1511211074
EN mux_2to1_muser_register_4bit NULL "C:/Users/Jeevan/Downloads/NanoProcessor - 15.12.16 15.23 (With Slow Clock)-20171120T063116Z-001/NanoProcessor - 15.12.16 15.23 (With Slow Clock)/Register_4Bit.vhf" sub01/vhpl108 1511211092
AR mux_8_4_muser_processor behavioral "C:/Users/Jeevan/Downloads/NanoProcessor - 15.12.16 15.23 (With Slow Clock)-20171120T063116Z-001/NanoProcessor - 15.12.16 15.23 (With Slow Clock)/Processor.vhf" sub00/vhpl17 1511211001
EN clock_slow_muser_processor NULL "C:/Users/Jeevan/Downloads/NanoProcessor - 15.12.16 15.23 (With Slow Clock)-20171120T063116Z-001/NanoProcessor - 15.12.16 15.23 (With Slow Clock)/Processor.vhf" sub00/vhpl06 1511210990
AR ha_muser_adder_3bit behavioral "C:/Users/Jeevan/Downloads/NanoProcessor - 15.12.16 15.23 (With Slow Clock)-20171120T063116Z-001/NanoProcessor - 15.12.16 15.23 (With Slow Clock)/Adder_3bit.vhf" sub00/vhpl43 1511211027
AR ha_muser_processor behavioral "C:/Users/Jeevan/Downloads/NanoProcessor - 15.12.16 15.23 (With Slow Clock)-20171120T063116Z-001/NanoProcessor - 15.12.16 15.23 (With Slow Clock)/Processor.vhf" sub00/vhpl03 1511210987
AR mux_2way_3bit behavioral "C:/Users/Jeevan/Downloads/NanoProcessor - 15.12.16 15.23 (With Slow Clock)-20171120T063116Z-001/NanoProcessor - 15.12.16 15.23 (With Slow Clock)/MUX_2Way_3Bit.vhf" sub00/vhpl67 1511211051
EN mux_2way_4bit NULL "C:/Users/Jeevan/Downloads/NanoProcessor - 15.12.16 15.23 (With Slow Clock)-20171120T063116Z-001/NanoProcessor - 15.12.16 15.23 (With Slow Clock)/MUX_2Way_4Bit.vhf" sub00/vhpl70 1511211054
EN decorder_3_8 NULL "C:/Users/Jeevan/Downloads/NanoProcessor - 15.12.16 15.23 (With Slow Clock)-20171120T063116Z-001/NanoProcessor - 15.12.16 15.23 (With Slow Clock)/Decorder_3_8.vhf" sub01/vhpl112 1511211096
AR mux_2to1 behavioral "C:/Users/Jeevan/Downloads/NanoProcessor - 15.12.16 15.23 (With Slow Clock)-20171120T063116Z-001/NanoProcessor - 15.12.16 15.23 (With Slow Clock)/MUX_2to1.vhf" sub01/vhpl117 1511211101
EN and6_mxilinx_ins_decoder NULL "C:/Users/Jeevan/Downloads/NanoProcessor - 15.12.16 15.23 (With Slow Clock)-20171120T063116Z-001/NanoProcessor - 15.12.16 15.23 (With Slow Clock)/Ins_Decoder.vhf" sub00/vhpl58 1511211040
AR or8_mxilinx_processor behavioral "C:/Users/Jeevan/Downloads/NanoProcessor - 15.12.16 15.23 (With Slow Clock)-20171120T063116Z-001/NanoProcessor - 15.12.16 15.23 (With Slow Clock)/Processor.vhf" sub00/vhpl13 1511210997
EN mux_2to1 NULL "C:/Users/Jeevan/Downloads/NanoProcessor - 15.12.16 15.23 (With Slow Clock)-20171120T063116Z-001/NanoProcessor - 15.12.16 15.23 (With Slow Clock)/MUX_2to1.vhf" sub01/vhpl116 1511211100
EN and6_mxilinx_processor NULL "C:/Users/Jeevan/Downloads/NanoProcessor - 15.12.16 15.23 (With Slow Clock)-20171120T063116Z-001/NanoProcessor - 15.12.16 15.23 (With Slow Clock)/Processor.vhf" sub00/vhpl32 1511211014
EN ha_muser_clock_slow NULL "C:/Users/Jeevan/Downloads/NanoProcessor - 15.12.16 15.23 (With Slow Clock)-20171120T063116Z-001/NanoProcessor - 15.12.16 15.23 (With Slow Clock)/Clock_Slow.vhf" sub00/vhpl50 1511211034
EN fa_muser_processor NULL "C:/Users/Jeevan/Downloads/NanoProcessor - 15.12.16 15.23 (With Slow Clock)-20171120T063116Z-001/NanoProcessor - 15.12.16 15.23 (With Slow Clock)/Processor.vhf" sub00/vhpl04 1511210988
AR fa_muser_rca_4 behavioral "C:/Users/Jeevan/Downloads/NanoProcessor - 15.12.16 15.23 (With Slow Clock)-20171120T063116Z-001/NanoProcessor - 15.12.16 15.23 (With Slow Clock)/RCA_4.vhf" sub00/vhpl85 1511211069
EN ha_muser_rca_4 NULL "C:/Users/Jeevan/Downloads/NanoProcessor - 15.12.16 15.23 (With Slow Clock)-20171120T063116Z-001/NanoProcessor - 15.12.16 15.23 (With Slow Clock)/RCA_4.vhf" sub00/vhpl82 1511211066
AR inv4_mxilinx_processor behavioral "C:/Users/Jeevan/Downloads/NanoProcessor - 15.12.16 15.23 (With Slow Clock)-20171120T063116Z-001/NanoProcessor - 15.12.16 15.23 (With Slow Clock)/Processor.vhf" sub00/vhpl31 1511211017
EN rom_muser_processor NULL "C:/Users/Jeevan/Downloads/NanoProcessor - 15.12.16 15.23 (With Slow Clock)-20171120T063116Z-001/NanoProcessor - 15.12.16 15.23 (With Slow Clock)/Processor.vhf" sub00/vhpl24 1511211008
EN ins_decoder NULL "C:/Users/Jeevan/Downloads/NanoProcessor - 15.12.16 15.23 (With Slow Clock)-20171120T063116Z-001/NanoProcessor - 15.12.16 15.23 (With Slow Clock)/Ins_Decoder.vhf" sub00/vhpl60 1511211044
AR or8_mxilinx_mux_8_4 behavioral "C:/Users/Jeevan/Downloads/NanoProcessor - 15.12.16 15.23 (With Slow Clock)-20171120T063116Z-001/NanoProcessor - 15.12.16 15.23 (With Slow Clock)/Mux_8_4.vhf" sub00/vhpl75 1511211059
EN or8_mxilinx_mux_8_1 NULL "C:/Users/Jeevan/Downloads/NanoProcessor - 15.12.16 15.23 (With Slow Clock)-20171120T063116Z-001/NanoProcessor - 15.12.16 15.23 (With Slow Clock)/Mux_8_1.vhf" sub01/vhpl104 1511211088
AR adder_3bit behavioral "C:/Users/Jeevan/Downloads/NanoProcessor - 15.12.16 15.23 (With Slow Clock)-20171120T063116Z-001/NanoProcessor - 15.12.16 15.23 (With Slow Clock)/Adder_3bit.vhf" sub00/vhpl47 1511211031
AR pc behavioral "C:/Users/Jeevan/Downloads/NanoProcessor - 15.12.16 15.23 (With Slow Clock)-20171120T063116Z-001/NanoProcessor - 15.12.16 15.23 (With Slow Clock)/PC.vhf" sub00/vhpl81 1511211065
AR adder_3bit_muser_processor behavioral "C:/Users/Jeevan/Downloads/NanoProcessor - 15.12.16 15.23 (With Slow Clock)-20171120T063116Z-001/NanoProcessor - 15.12.16 15.23 (With Slow Clock)/Processor.vhf" sub00/vhpl19 1511211003
EN or8_mxilinx_mux_8_4 NULL "C:/Users/Jeevan/Downloads/NanoProcessor - 15.12.16 15.23 (With Slow Clock)-20171120T063116Z-001/NanoProcessor - 15.12.16 15.23 (With Slow Clock)/Mux_8_4.vhf" sub00/vhpl74 1511211058
AR register_4bit behavioral "C:/Users/Jeevan/Downloads/NanoProcessor - 15.12.16 15.23 (With Slow Clock)-20171120T063116Z-001/NanoProcessor - 15.12.16 15.23 (With Slow Clock)/Register_4Bit.vhf" sub01/vhpl111 1511211095
AR fa_muser_adder_3bit behavioral "C:/Users/Jeevan/Downloads/NanoProcessor - 15.12.16 15.23 (With Slow Clock)-20171120T063116Z-001/NanoProcessor - 15.12.16 15.23 (With Slow Clock)/Adder_3bit.vhf" sub00/vhpl45 1511211029
EN reg_8_4bit_muser_processor NULL "C:/Users/Jeevan/Downloads/NanoProcessor - 15.12.16 15.23 (With Slow Clock)-20171120T063116Z-001/NanoProcessor - 15.12.16 15.23 (With Slow Clock)/Processor.vhf" sub00/vhpl38 1511211022
AR mux_8_4 behavioral "C:/Users/Jeevan/Downloads/NanoProcessor - 15.12.16 15.23 (With Slow Clock)-20171120T063116Z-001/NanoProcessor - 15.12.16 15.23 (With Slow Clock)/Mux_8_4.vhf" sub00/vhpl79 1511211063
AR fa_muser_processor behavioral "C:/Users/Jeevan/Downloads/NanoProcessor - 15.12.16 15.23 (With Slow Clock)-20171120T063116Z-001/NanoProcessor - 15.12.16 15.23 (With Slow Clock)/Processor.vhf" sub00/vhpl05 1511210989
EN register_4bit_muser_reg_8_4bit NULL "C:/Users/Jeevan/Downloads/NanoProcessor - 15.12.16 15.23 (With Slow Clock)-20171120T063116Z-001/NanoProcessor - 15.12.16 15.23 (With Slow Clock)/Reg_8_4bit.vhf" sub00/vhpl92 1511211076
AR register_4bit_muser_reg_8_4bit behavioral "C:/Users/Jeevan/Downloads/NanoProcessor - 15.12.16 15.23 (With Slow Clock)-20171120T063116Z-001/NanoProcessor - 15.12.16 15.23 (With Slow Clock)/Reg_8_4bit.vhf" sub00/vhpl93 1511211077
EN mux_8_4_muser_processor NULL "C:/Users/Jeevan/Downloads/NanoProcessor - 15.12.16 15.23 (With Slow Clock)-20171120T063116Z-001/NanoProcessor - 15.12.16 15.23 (With Slow Clock)/Processor.vhf" sub00/vhpl16 1511211000
AR ha_muser_clock_slow behavioral "C:/Users/Jeevan/Downloads/NanoProcessor - 15.12.16 15.23 (With Slow Clock)-20171120T063116Z-001/NanoProcessor - 15.12.16 15.23 (With Slow Clock)/Clock_Slow.vhf" sub00/vhpl51 1511211035
AR and6_mxilinx_ins_decoder behavioral "C:/Users/Jeevan/Downloads/NanoProcessor - 15.12.16 15.23 (With Slow Clock)-20171120T063116Z-001/NanoProcessor - 15.12.16 15.23 (With Slow Clock)/Ins_Decoder.vhf" sub00/vhpl59 1511211041
EN ins_decoder_muser_processor NULL "C:/Users/Jeevan/Downloads/NanoProcessor - 15.12.16 15.23 (With Slow Clock)-20171120T063116Z-001/NanoProcessor - 15.12.16 15.23 (With Slow Clock)/Processor.vhf" sub00/vhpl34 1511211018
AR pc_muser_processor behavioral "C:/Users/Jeevan/Downloads/NanoProcessor - 15.12.16 15.23 (With Slow Clock)-20171120T063116Z-001/NanoProcessor - 15.12.16 15.23 (With Slow Clock)/Processor.vhf" sub00/vhpl27 1511211011
EN pc_muser_processor NULL "C:/Users/Jeevan/Downloads/NanoProcessor - 15.12.16 15.23 (With Slow Clock)-20171120T063116Z-001/NanoProcessor - 15.12.16 15.23 (With Slow Clock)/Processor.vhf" sub00/vhpl26 1511211010
AR mux_2way_4bit behavioral "C:/Users/Jeevan/Downloads/NanoProcessor - 15.12.16 15.23 (With Slow Clock)-20171120T063116Z-001/NanoProcessor - 15.12.16 15.23 (With Slow Clock)/MUX_2Way_4Bit.vhf" sub00/vhpl71 1511211055
